../drivers/Src/stm32f407xx_spi_driver.c:32:6:SPI_PeriClockControl	16	static
../drivers/Src/stm32f407xx_spi_driver.c:81:6:SPI_Init	24	static
../drivers/Src/stm32f407xx_spi_driver.c:125:6:SPI_DeInit	16	static
../drivers/Src/stm32f407xx_spi_driver.c:137:9:SPI_GetFlagStatus	24	static
../drivers/Src/stm32f407xx_spi_driver.c:160:6:SPI_SendData	24	static
../drivers/Src/stm32f407xx_spi_driver.c:220:6:SPI_ReceiveData	24	static
../drivers/Src/stm32f407xx_spi_driver.c:260:6:SPI_IRQInterruptConfig	16	static
../drivers/Src/stm32f407xx_spi_driver.c:299:6:SPI_IRQPriorityConfig	32	static
../drivers/Src/stm32f407xx_spi_driver.c:326:9:SPI_SendDataIT	32	static
../drivers/Src/stm32f407xx_spi_driver.c:359:9:SPI_ReceiveDataIT	32	static
../drivers/Src/stm32f407xx_spi_driver.c:389:6:SPI_IRQHandling	24	static
../drivers/Src/stm32f407xx_spi_driver.c:437:13:spi_txe_interrupt_handle	16	static
../drivers/Src/stm32f407xx_spi_driver.c:458:13:spi_rxne_interrupt_handle	16	static
../drivers/Src/stm32f407xx_spi_driver.c:481:13:spi_ovr_error_interrupt_handle	16	static
../drivers/Src/stm32f407xx_spi_driver.c:493:6:SPI_ClearOVRFlag	24	static
../drivers/Src/stm32f407xx_spi_driver.c:500:6:SPI_CloseTransmission	16	static
../drivers/Src/stm32f407xx_spi_driver.c:507:6:SPI_CloseReception	16	static
../drivers/Src/stm32f407xx_spi_driver.c:530:13:SPI_ApplicationEventCallback	16	static
